ERROR:root:Pizza creation has TROUBLE OBJECT EXITED WITH CODE 1
